[www.pof-1.com/index.html]
[backblue.gif]
[fade.gif]
[index.html]
[www.pof-1.com/sitemap.html]
[www.pof-1.com/server-css/common8a3d.css]
[www.pof-1.com/server-css/sitee9f8.css]
[www.pof-1.com/server-css/pageelementsed35.css]
[www.pof-1.com/server-css/preview2c9b.css]
[www.pof-1.com/oslo/square5f96.png]
[www.pof-1.com/server/js/effectsd957.js]
[www.pof-1.com/server/js/prototyped957.js]
[www.pof-1.com/server/js/serverd957.js]
[www.pof-1.com/server/js/boundsd957.js]
[www.pof-1.com/server/js/tip201f.js]
[www.pof-1.com/server/js/touchd957.js]
[www.pof-1.com/oslo/tabitemba32.png]
[www.pof-1.com/page/173181.html]
[www.pof-1.com/oslo/tabitem91d7.png]
[www.pof-1.com/page/45030.html]
[www.pof-1.com/oslo/tabitem1d13.png]
[www.pof-1.com/page/482275918.html]
[www.pof-1.com/oslo/tabitemaaa7.png]
[www.pof-1.com/page/482279654.html]
[www.pof-1.com/oslo/tabitem4b0a.png]
[www.pof-1.com/page/482275938.html]
[www.pof-1.com/oslo/tabiteme5e9.png]
[www.pof-1.com/page/482281738.html]
[www.pof-1.com/oslo/tabitem441f.png]
[www.pof-1.com/page/496271584.html]
[www.pof-1.com/oslo/tabitem2d18.png]
[www.pof-1.com/page/496357584.html]
[www.pof-1.com/oslo/tabitemf947.png]
[www.pof-1.com/oslo/heading8257.png]
[www.pof-1.com/store/635634/form/8909196.html]
[www.pof-1.com/files/635634/uploaded/apply-here-button.jpg]
[www.pof-1.com/oslo/heading65ee.png]
[www.pof-1.com/oslo/pagetitlee32c.png]
[www.pof-1.com/oslo/heading0c03.png]
[www.pof-1.com/oslo/heading960e.png]
[www.pof-1.com/oslo/heading2580.png]
[www.pof-1.com/oslo/heading19b2.png]
[www.pof-1.com/oslo/heading0111.png]
[www.pof-1.com/page/52666.html]
[www.pof-1.com/oslo/headinge682.png]
[www.pof-1.com/index.html]
[www.pof-1.com/server-css/layout4905.css]
[www.pof-1.com/server/js/tabled957.js]
[www.pof-1.com/server/js/expandd957.js]
[www.pof-1.com/oslo/tabitemb98d.png]
[www.pof-1.com/oslo/tabitem9126.png]
[www.pof-1.com/page/173180.html]
[www.pof-1.com/page/374493.html]
[www.pof-1.com/page/376066.html]
[www.pof-1.com/search.html]
[www.pof-1.com/cart.html]
[www.pof-1.com/page/482287596.html]
[www.pof-1.com/page/482287598.html]
[www.pof-1.com/page/482375680.html]
[www.pof-1.com/sitemap.html]
[www.pof-1.com/server/images/shadow.png]
[www.pof-1.com/server/images/tip-arrow.png]
[www.pof-1.com/server/images/shadow-left.png]
[www.pof-1.com/server/images/shadow-right.png]
[www.pof-1.com/server/images/shadow-bottom.png]
[www.pof-1.com/server-css/common8a3d.css]
[www.pof-1.com/server-css/sitee9f8.css]
[www.pof-1.com/server-css/pageelementsed35.css]
[www.pof-1.com/server/images/gradient-small-invert.png]
[www.pof-1.com/server-css/preview2c9b.css]
[www.pof-1.com/server/js/prototyped957.js]
[www.pof-1.com/server/js/effectsd957.js]
[www.pof-1.com/server/js/serverd957.js]
[www.pof-1.com/server/js/boundsd957.js]
[www.pof-1.com/server/js/tip201f.js]
[www.pof-1.com/server/js/touchd957.js]
[www.pof-1.com/server-css/input786c.css]
[www.pof-1.com/AppleWebKit/index.html]
[www.pof-1.com/server-css/formc2a2.css]
[www.pof-1.com/server/js/formd957.js]
[www.pof-1.com/server/js/datepickerd957.js]
[www.pof-1.com/server/js/scrolld957.js]
[www.pof-1.com/oslo/tabitem60d5.png]
[www.pof-1.com/oslo/tabitem4c3a.png]
[www.pof-1.com/oslo/tabitemdb12.png]
[www.pof-1.com/oslo/heading6d85.png]
[www.pof-1.com/oslo/heading6faf.png]
[www.pof-1.com/oslo/heading4d83.png]
[www.pof-1.com/oslo/heading9b5e.png]
[www.pof-1.com/oslo/heading1d13.png]
[www.pof-1.com/oslo/headingc027.png]
[www.pof-1.com/oslo/heading6644.png]
[www.pof-1.com/oslo/headinga24e.png]
[www.pof-1.com/oslo/heading17e0.png]
[www.pof-1.com/oslo/heading5d03.png]
[www.pof-1.com/oslo/heading8608.png]
[www.pof-1.com/oslo/headingf4e4.png]
[www.pof-1.com/oslo/headinge839.png]
[www.pof-1.com/oslo/heading05a9.png]
[www.pof-1.com/oslo/headingc306.png]
[www.pof-1.com/oslo/heading32dc.png]
[www.pof-1.com/oslo/heading965b.png]
[www.pof-1.com/oslo/headingbd4d.png]
[www.pof-1.com/oslo/headingcc72.png]
[www.pof-1.com/oslo/heading86f0.png]
[www.pof-1.com/oslo/headingf96f.png]
[www.pof-1.com/oslo/heading2b30.png]
[www.pof-1.com/oslo/buttonb9a7.png]
[www.pof-1.com/page/173181.html]
[www.pof-1.com/oslo/tabitemea1c.png]
[www.pof-1.com/oslo/tabitem3c09.png]
[www.pof-1.com/oslo/tabitemb703.png]
[www.pof-1.com/oslo/pagetitle6606.png]
[www.pof-1.com/oslo/headingecbd.png]
[www.pof-1.com/oslo/headinga688.png]
[www.pof-1.com/page/45030.html]
[www.pof-1.com/oslo/tabitemea60.png]
[www.pof-1.com/oslo/tabitembc0e.png]
[www.pof-1.com/oslo/tabitemf24f.png]
[www.pof-1.com/page/482275918.html]
[www.pof-1.com/oslo/tabitemd17d.png]
[www.pof-1.com/oslo/tabitem72bf.png]
[www.pof-1.com/oslo/tabitem9160.png]
[www.pof-1.com/oslo/heading0377.png]
[www.pof-1.com/page/482279654.html]
[www.pof-1.com/oslo/tabitemc3f1.png]
[www.pof-1.com/oslo/tabitemca9a.png]
[www.pof-1.com/oslo/tabitemce27.png]
[www.pof-1.com/oslo/heading8ef5.png]
[www.pof-1.com/page/482275938.html]
[www.pof-1.com/oslo/tabitem1a2f.png]
[www.pof-1.com/oslo/tabitem3d1d.png]
[www.pof-1.com/oslo/tabitemf036.png]
[www.pof-1.com/oslo/heading49ec.png]
[www.pof-1.com/page/482281738.html]
[www.pof-1.com/oslo/tabitem2fb9.png]
[www.pof-1.com/oslo/tabiteme9f5.png]
[www.pof-1.com/oslo/tabitemc9d0.png]
[www.pof-1.com/oslo/pagetitle7b42.png]
[www.pof-1.com/oslo/heading571a.png]
[www.pof-1.com/page/496271584.html]
[www.pof-1.com/oslo/tabitem1be7.png]
[www.pof-1.com/oslo/tabitem5e22.png]
[www.pof-1.com/oslo/pagetitle1389.png]
[www.pof-1.com/oslo/heading7629.png]
[www.pof-1.com/page/496357584.html]
[www.pof-1.com/oslo/pagetitlebd93.png]
[www.pof-1.com/store/635634/form/8909196.html]
[www.pof-1.com/oslo/pagetitle6fc3.png]
[www.pof-1.com/oslo/headingbb92.png]
[www.pof-1.com/page/52666.html]
[www.pof-1.com/server/images/gradient.png]
[www.pof-1.com/server/images/arrow-previous.png]
[www.pof-1.com/server/images/arrow-next.png]
[www.pof-1.com/server/images/dot-blue.png]
[www.pof-1.com/server/images/bluearrow.png]
[www.pof-1.com/server/images/delim-empty.png]
[www.pof-1.com/server/images/delim.png]
[www.pof-1.com/server-css/layout4905.css]
[www.pof-1.com/server/js/tabled957.js]
[www.pof-1.com/server/js/expandd957.js]
[www.pof-1.com/oslo/pagetitle4a5c.png]
[www.pof-1.com/oslo/heading738b.png]
[www.pof-1.com/page/173180.html]
[www.pof-1.com/oslo/pagetitle43ef.png]
[www.pof-1.com/oslo/heading6d9c.png]
[www.pof-1.com/oslo/headinga7ad.png]
[www.pof-1.com/oslo/headingadde.png]
[www.pof-1.com/page/374493.html]
[www.pof-1.com/oslo/pagetitle3f2f.png]
[www.pof-1.com/oslo/heading5509.png]
[www.pof-1.com/page/376066.html]
[www.pof-1.com/server/js/actiond957.js]
[www.pof-1.com/oslo/pagetitle86b5.png]
[www.pof-1.com/oslo/buttonb5ed.png]
[www.pof-1.com/search.html]
[www.pof-1.com/oslo/pagetitle8942.png]
[www.pof-1.com/oslo/button2212.png]
[www.pof-1.com/cart.html]
[www.pof-1.com/page/482287596.html]
[www.pof-1.com/page/482287598.html]
[www.pof-1.com/oslo/heading2845.png]
[www.pof-1.com/store/635634/home.html]
[www.pof-1.com/page/482375680.html]
[www.pof-1.com/AppleWebKit/index.html]
[www.pof-1.com/server/images/thumb.png]
[www.pof-1.com/server/images/gradient-invert.png]
[www.pof-1.com/server/images/asterisk-icon.png]
[www.pof-1.com/server/images/done-left.png]
[www.pof-1.com/server/images/done-center.png]
[www.pof-1.com/server/images/done-right.png]
[www.pof-1.com/server/images/menu-arrow.png]
[www.pof-1.com/server/images/calendar.png]
[www.pof-1.com/server/images/clock.png]
[www.pof-1.com/server/images/color.gif]
[www.pof-1.com/server/images/resizethumb_rotated.png]
[www.pof-1.com/server-css/input786c.css]
[www.pof-1.com/server-css/formc2a2.css]
[www.pof-1.com/server/js/formd957.js]
[www.pof-1.com/server/js/datepickerd957.js]
[www.pof-1.com/server/js/scrolld957.js]
[www.pof-1.com/server/js/actiond957.js]
[www.pof-1.com/store/635634/home.html]
